============================= test session starts =============================
platform win32 -- Python 3.12.11, pytest-9.0.2, pluggy-1.6.0
PySide6 6.10.1 -- Qt runtime 6.10.1 -- Qt compiled 6.10.1
rootdir: C:\Users\brand\Projects\google-api
configfile: pyproject.toml
plugins: cov-7.0.0, qt-4.5.0
collected 20 items / 14 errors

=================================== ERRORS ====================================
_______________ ERROR collecting scripts/profile_smoke_test.py ________________
ImportError while importing test module 'C:\Users\brand\Projects\google-api\scripts\profile_smoke_test.py'.
Hint: make sure your test modules/packages have valid Python names.
Traceback:
..\..\AppData\Roaming\uv\python\cpython-3.12.11-windows-x86_64-none\Lib\importlib\__init__.py:90: in import_module
    return _bootstrap._gcd_import(name[level:], package, level)
           ^^^^^^^^^^^^^^^^^^^^^^^^^^^^^^^^^^^^^^^^^^^^^^^^^^^^
scripts\profile_smoke_test.py:11: in <module>
    import smoke_test
scripts\smoke_test.py:40: in <module>
    from mygooglib import get_clients
mygooglib\__init__.py:12: in <module>
    from mygooglib.auth import get_creds
E   ModuleNotFoundError: No module named 'mygooglib.auth'
___________________ ERROR collecting scripts/smoke_test.py ____________________
ImportError while importing test module 'C:\Users\brand\Projects\google-api\scripts\smoke_test.py'.
Hint: make sure your test modules/packages have valid Python names.
Traceback:
..\..\AppData\Roaming\uv\python\cpython-3.12.11-windows-x86_64-none\Lib\importlib\__init__.py:90: in import_module
    return _bootstrap._gcd_import(name[level:], package, level)
           ^^^^^^^^^^^^^^^^^^^^^^^^^^^^^^^^^^^^^^^^^^^^^^^^^^^^
scripts\smoke_test.py:40: in <module>
    from mygooglib import get_clients
mygooglib\__init__.py:12: in <module>
    from mygooglib.auth import get_creds
E   ModuleNotFoundError: No module named 'mygooglib.auth'
___________________ ERROR collecting tests/cli/test_dev.py ____________________
ImportError while importing test module 'C:\Users\brand\Projects\google-api\tests\cli\test_dev.py'.
Hint: make sure your test modules/packages have valid Python names.
Traceback:
..\..\AppData\Roaming\uv\python\cpython-3.12.11-windows-x86_64-none\Lib\importlib\__init__.py:90: in import_module
    return _bootstrap._gcd_import(name[level:], package, level)
           ^^^^^^^^^^^^^^^^^^^^^^^^^^^^^^^^^^^^^^^^^^^^^^^^^^^^
tests\cli\test_dev.py:6: in <module>
    from mygooglib.cli.dev import app
mygooglib\__init__.py:12: in <module>
    from mygooglib.auth import get_creds
E   ModuleNotFoundError: No module named 'mygooglib.auth'
______________ ERROR collecting tests/gui/test_activity_model.py ______________
ImportError while importing test module 'C:\Users\brand\Projects\google-api\tests\gui\test_activity_model.py'.
Hint: make sure your test modules/packages have valid Python names.
Traceback:
..\..\AppData\Roaming\uv\python\cpython-3.12.11-windows-x86_64-none\Lib\importlib\__init__.py:90: in import_module
    return _bootstrap._gcd_import(name[level:], package, level)
           ^^^^^^^^^^^^^^^^^^^^^^^^^^^^^^^^^^^^^^^^^^^^^^^^^^^^
tests\gui\test_activity_model.py:5: in <module>
    from mygooglib.gui.widgets.activity import ActivityModel, ActivityItem, ActivityStatus
mygooglib\__init__.py:12: in <module>
    from mygooglib.auth import get_creds
E   ModuleNotFoundError: No module named 'mygooglib.auth'
_______________ ERROR collecting tests/gui/test_sync_worker.py ________________
ImportError while importing test module 'C:\Users\brand\Projects\google-api\tests\gui\test_sync_worker.py'.
Hint: make sure your test modules/packages have valid Python names.
Traceback:
..\..\AppData\Roaming\uv\python\cpython-3.12.11-windows-x86_64-none\Lib\importlib\__init__.py:90: in import_module
    return _bootstrap._gcd_import(name[level:], package, level)
           ^^^^^^^^^^^^^^^^^^^^^^^^^^^^^^^^^^^^^^^^^^^^^^^^^^^^
tests\gui\test_sync_worker.py:5: in <module>
    from mygooglib.gui.workers import SyncWorker
mygooglib\__init__.py:12: in <module>
    from mygooglib.auth import get_creds
E   ModuleNotFoundError: No module named 'mygooglib.auth'
_____________________ ERROR collecting tests/test_auth.py _____________________
ImportError while importing test module 'C:\Users\brand\Projects\google-api\tests\test_auth.py'.
Hint: make sure your test modules/packages have valid Python names.
Traceback:
..\..\AppData\Roaming\uv\python\cpython-3.12.11-windows-x86_64-none\Lib\importlib\__init__.py:90: in import_module
    return _bootstrap._gcd_import(name[level:], package, level)
           ^^^^^^^^^^^^^^^^^^^^^^^^^^^^^^^^^^^^^^^^^^^^^^^^^^^^
tests\test_auth.py:11: in <module>
    from mygooglib.auth import SCOPES, get_auth_paths, get_creds
mygooglib\__init__.py:12: in <module>
    from mygooglib.auth import get_creds
E   ModuleNotFoundError: No module named 'mygooglib.auth'
________________ ERROR collecting tests/test_docs_features.py _________________
ImportError while importing test module 'C:\Users\brand\Projects\google-api\tests\test_docs_features.py'.
Hint: make sure your test modules/packages have valid Python names.
Traceback:
..\..\AppData\Roaming\uv\python\cpython-3.12.11-windows-x86_64-none\Lib\importlib\__init__.py:90: in import_module
    return _bootstrap._gcd_import(name[level:], package, level)
           ^^^^^^^^^^^^^^^^^^^^^^^^^^^^^^^^^^^^^^^^^^^^^^^^^^^^
tests\test_docs_features.py:4: in <module>
    from mygooglib.docs import find_replace
mygooglib\__init__.py:12: in <module>
    from mygooglib.auth import get_creds
E   ModuleNotFoundError: No module named 'mygooglib.auth'
________________ ERROR collecting tests/test_global_search.py _________________
ImportError while importing test module 'C:\Users\brand\Projects\google-api\tests\test_global_search.py'.
Hint: make sure your test modules/packages have valid Python names.
Traceback:
..\..\AppData\Roaming\uv\python\cpython-3.12.11-windows-x86_64-none\Lib\importlib\__init__.py:90: in import_module
    return _bootstrap._gcd_import(name[level:], package, level)
           ^^^^^^^^^^^^^^^^^^^^^^^^^^^^^^^^^^^^^^^^^^^^^^^^^^^^
tests\test_global_search.py:7: in <module>
    from mygooglib.gui.pages.home import HomePage
mygooglib\__init__.py:12: in <module>
    from mygooglib.auth import get_creds
E   ModuleNotFoundError: No module named 'mygooglib.auth'
______________ ERROR collecting tests/test_gmail_attachments.py _______________
ImportError while importing test module 'C:\Users\brand\Projects\google-api\tests\test_gmail_attachments.py'.
Hint: make sure your test modules/packages have valid Python names.
Traceback:
..\..\AppData\Roaming\uv\python\cpython-3.12.11-windows-x86_64-none\Lib\importlib\__init__.py:90: in import_module
    return _bootstrap._gcd_import(name[level:], package, level)
           ^^^^^^^^^^^^^^^^^^^^^^^^^^^^^^^^^^^^^^^^^^^^^^^^^^^^
tests\test_gmail_attachments.py:8: in <module>
    from mygooglib.gmail import _extract_attachments, get_attachment, save_attachments
mygooglib\__init__.py:12: in <module>
    from mygooglib.auth import get_creds
E   ModuleNotFoundError: No module named 'mygooglib.auth'
_________________ ERROR collecting tests/test_sheets_batch.py _________________
ImportError while importing test module 'C:\Users\brand\Projects\google-api\tests\test_sheets_batch.py'.
Hint: make sure your test modules/packages have valid Python names.
Traceback:
..\..\AppData\Roaming\uv\python\cpython-3.12.11-windows-x86_64-none\Lib\importlib\__init__.py:90: in import_module
    return _bootstrap._gcd_import(name[level:], package, level)
           ^^^^^^^^^^^^^^^^^^^^^^^^^^^^^^^^^^^^^^^^^^^^^^^^^^^^
tests\test_sheets_batch.py:7: in <module>
    from mygooglib.sheets import BatchUpdater
mygooglib\__init__.py:12: in <module>
    from mygooglib.auth import get_creds
E   ModuleNotFoundError: No module named 'mygooglib.auth'
______________ ERROR collecting tests/test_sheets_batch_write.py ______________
ImportError while importing test module 'C:\Users\brand\Projects\google-api\tests\test_sheets_batch_write.py'.
Hint: make sure your test modules/packages have valid Python names.
Traceback:
..\..\AppData\Roaming\uv\python\cpython-3.12.11-windows-x86_64-none\Lib\importlib\__init__.py:90: in import_module
    return _bootstrap._gcd_import(name[level:], package, level)
           ^^^^^^^^^^^^^^^^^^^^^^^^^^^^^^^^^^^^^^^^^^^^^^^^^^^^
tests\test_sheets_batch_write.py:7: in <module>
    from mygooglib.sheets import batch_write
mygooglib\__init__.py:12: in <module>
    from mygooglib.auth import get_creds
E   ModuleNotFoundError: No module named 'mygooglib.auth'
________________ ERROR collecting tests/test_sheets_exists.py _________________
ImportError while importing test module 'C:\Users\brand\Projects\google-api\tests\test_sheets_exists.py'.
Hint: make sure your test modules/packages have valid Python names.
Traceback:
..\..\AppData\Roaming\uv\python\cpython-3.12.11-windows-x86_64-none\Lib\importlib\__init__.py:90: in import_module
    return _bootstrap._gcd_import(name[level:], package, level)
           ^^^^^^^^^^^^^^^^^^^^^^^^^^^^^^^^^^^^^^^^^^^^^^^^^^^^
tests\test_sheets_exists.py:6: in <module>
    from mygooglib.sheets import SheetsClient
mygooglib\__init__.py:12: in <module>
    from mygooglib.auth import get_creds
E   ModuleNotFoundError: No module named 'mygooglib.auth'
__________________ ERROR collecting tests/test_sync_error.py __________________
ImportError while importing test module 'C:\Users\brand\Projects\google-api\tests\test_sync_error.py'.
Hint: make sure your test modules/packages have valid Python names.
Traceback:
..\..\AppData\Roaming\uv\python\cpython-3.12.11-windows-x86_64-none\Lib\importlib\__init__.py:90: in import_module
    return _bootstrap._gcd_import(name[level:], package, level)
           ^^^^^^^^^^^^^^^^^^^^^^^^^^^^^^^^^^^^^^^^^^^^^^^^^^^^
tests\test_sync_error.py:6: in <module>
    from mygooglib.gui.workers import SyncWorker
mygooglib\__init__.py:12: in <module>
    from mygooglib.auth import get_creds
E   ModuleNotFoundError: No module named 'mygooglib.auth'
______________ ERROR collecting tests/utils/test_file_scanner.py ______________
ImportError while importing test module 'C:\Users\brand\Projects\google-api\tests\utils\test_file_scanner.py'.
Hint: make sure your test modules/packages have valid Python names.
Traceback:
..\..\AppData\Roaming\uv\python\cpython-3.12.11-windows-x86_64-none\Lib\importlib\__init__.py:90: in import_module
    return _bootstrap._gcd_import(name[level:], package, level)
           ^^^^^^^^^^^^^^^^^^^^^^^^^^^^^^^^^^^^^^^^^^^^^^^^^^^^
tests\utils\test_file_scanner.py:4: in <module>
    from mygooglib.utils.file_scanner import FileScanner
mygooglib\__init__.py:12: in <module>
    from mygooglib.auth import get_creds
E   ModuleNotFoundError: No module named 'mygooglib.auth'
=========================== short test summary info ===========================
ERROR scripts/profile_smoke_test.py
ERROR scripts/smoke_test.py
ERROR tests/cli/test_dev.py
ERROR tests/gui/test_activity_model.py
ERROR tests/gui/test_sync_worker.py
ERROR tests/test_auth.py
ERROR tests/test_docs_features.py
ERROR tests/test_global_search.py
ERROR tests/test_gmail_attachments.py
ERROR tests/test_sheets_batch.py
ERROR tests/test_sheets_batch_write.py
ERROR tests/test_sheets_exists.py
ERROR tests/test_sync_error.py
ERROR tests/utils/test_file_scanner.py
!!!!!!!!!!!!!!!!!! Interrupted: 14 errors during collection !!!!!!!!!!!!!!!!!!!
============================= 14 errors in 0.21s ==============================
